map                   	111	0.0259
map                   	112	0.2372
map                   	113	0.2476
map                   	114	0.0931
map                   	115	0.1072
map                   	116	0.2362
map                   	117	0.1703
map                   	118	0.2905
map                   	119	0.3359
map                   	120	0.1493
map                   	121	0.2646
map                   	122	0.0125
map                   	123	0.1223
map                   	124	0.0066
map                   	125	0.1636
map                   	126	0.0904
map                   	127	0.4950
map                   	128	0.1508
map                   	129	0.3563
map                   	130	0.1299
map                   	131	0.4006
map                   	132	0.0393
map                   	133	0.2655
map                   	134	0.0039
map                   	135	0.1791
map                   	136	0.0193
map                   	137	0.0571
map                   	138	0.4200
map                   	139	0.3176
map                   	140	0.1225
map                   	141	0.3991
map                   	142	0.0731
map                   	143	0.1461
map                   	144	0.1428
map                   	145	0.1705
map                   	146	0.5506
map                   	147	0.4742
map                   	148	0.1576
map                   	149	0.2344
map                   	150	0.0006
map                   	151	0.0419
map                   	152	0.6579
map                   	153	0.1203
map                   	154	0.1078
map                   	155	0.2185
map                   	156	0.5328
map                   	157	0.2722
map                   	158	0.1337
map                   	159	0.6267
map                   	160	0.0419
map                   	161	0.1338
map                   	162	0.1323
map                   	163	0.5019
map                   	164	0.1776
map                   	165	0.1453
map                   	166	0.7671
map                   	167	0.0137
map                   	168	0.0137
map                   	169	0.7633
map                   	170	0.2264
map                   	171	0.4959
map                   	172	0.4826
map                   	173	0.0171
map                   	174	0.5858
map                   	175	0.5643
map                   	176	0.0723
map                   	177	0.3243
map                   	178	0.1857
map                   	179	0.3856
map                   	180	0.4131
map                   	181	0.2378
map                   	182	0.3502
map                   	183	0.6588
map                   	184	0.2054
map                   	185	0.8592
map                   	186	0.1645
map                   	187	0.8351
map                   	188	0.4065
map                   	189	0.0008
map                   	190	0.2053
map                   	191	0.4666
map                   	192	0.2930
map                   	193	0.1993
map                   	194	0.0097
map                   	195	0.2697
map                   	196	0.2898
map                   	197	0.4766
map                   	198	0.0564
map                   	199	0.6930
map                   	200	0.1471
map                   	201	0.5436
map                   	202	0.8376
map                   	203	0.0391
map                   	204	0.7370
map                   	205	0.5240
map                   	206	0.3715
map                   	207	0.5014
map                   	208	0.7892
map                   	209	0.2885
map                   	210	0.4073
map                   	211	0.3062
map                   	212	0.2272
map                   	213	0.8839
map                   	214	0.4460
map                   	215	0.5433
map                   	216	0.1226
map                   	217	0.1362
map                   	218	0.3579
map                   	219	0.1312
map                   	220	0.0567
map                   	221	0.5962
map                   	222	0.3927
map                   	223	0.0791
map                   	224	0.5680
map                   	225	0.2138
map                   	all	0.2951
