map                   	111	0.0279
map                   	112	0.2374
map                   	113	0.2268
map                   	114	0.0931
map                   	115	0.1177
map                   	116	0.2365
map                   	117	0.1833
map                   	118	0.2761
map                   	119	0.3100
map                   	120	0.1518
map                   	121	0.2461
map                   	122	0.0140
map                   	123	0.1313
map                   	124	0.0083
map                   	125	0.1507
map                   	126	0.0844
map                   	127	0.4705
map                   	128	0.1378
map                   	129	0.3464
map                   	130	0.1169
map                   	131	0.4070
map                   	132	0.0416
map                   	133	0.2651
map                   	134	0.0032
map                   	135	0.1838
map                   	136	0.0103
map                   	137	0.0491
map                   	138	0.4184
map                   	139	0.3163
map                   	140	0.1244
map                   	141	0.3587
map                   	142	0.0674
map                   	143	0.1239
map                   	144	0.1470
map                   	145	0.1721
map                   	146	0.5285
map                   	147	0.3586
map                   	148	0.1510
map                   	149	0.2184
map                   	150	0.0006
map                   	151	0.0403
map                   	152	0.6060
map                   	153	0.1207
map                   	154	0.0730
map                   	155	0.2405
map                   	156	0.4915
map                   	157	0.2704
map                   	158	0.1420
map                   	159	0.6227
map                   	160	0.0439
map                   	161	0.1430
map                   	162	0.1413
map                   	163	0.4986
map                   	164	0.1740
map                   	165	0.1457
map                   	166	0.7679
map                   	167	0.0122
map                   	168	0.0149
map                   	169	0.7613
map                   	170	0.2047
map                   	171	0.4694
map                   	172	0.4598
map                   	173	0.0169
map                   	174	0.5571
map                   	175	0.5128
map                   	176	0.0739
map                   	177	0.3424
map                   	178	0.1828
map                   	179	0.3901
map                   	180	0.4179
map                   	181	0.1959
map                   	182	0.3455
map                   	183	0.6515
map                   	184	0.2087
map                   	185	0.8625
map                   	186	0.1722
map                   	187	0.8190
map                   	188	0.4088
map                   	189	0.0009
map                   	190	0.1784
map                   	191	0.4533
map                   	192	0.2707
map                   	193	0.1694
map                   	194	0.0106
map                   	195	0.2672
map                   	196	0.2957
map                   	197	0.4513
map                   	198	0.0626
map                   	199	0.6875
map                   	200	0.1462
map                   	201	0.5304
map                   	202	0.8407
map                   	203	0.0417
map                   	204	0.6786
map                   	205	0.5117
map                   	206	0.3481
map                   	207	0.4419
map                   	208	0.7694
map                   	209	0.2753
map                   	210	0.4241
map                   	211	0.3326
map                   	212	0.2324
map                   	213	0.8576
map                   	214	0.4287
map                   	215	0.4856
map                   	216	0.1089
map                   	217	0.1378
map                   	218	0.3553
map                   	219	0.1325
map                   	220	0.0540
map                   	221	0.6038
map                   	222	0.4055
map                   	223	0.0788
map                   	224	0.5953
map                   	225	0.1602
map                   	all	0.2864
