map                   	111	0.0282
map                   	112	0.2482
map                   	113	0.2561
map                   	114	0.0971
map                   	115	0.1246
map                   	116	0.2426
map                   	117	0.1833
map                   	118	0.2913
map                   	119	0.3351
map                   	120	0.1518
map                   	121	0.2596
map                   	122	0.0149
map                   	123	0.1357
map                   	124	0.0089
map                   	125	0.1615
map                   	126	0.0953
map                   	127	0.4909
map                   	128	0.1520
map                   	129	0.3609
map                   	130	0.1214
map                   	131	0.4070
map                   	132	0.0448
map                   	133	0.2767
map                   	134	0.0034
map                   	135	0.1873
map                   	136	0.0108
map                   	137	0.0528
map                   	138	0.4377
map                   	139	0.3284
map                   	140	0.1298
map                   	141	0.3967
map                   	142	0.0710
map                   	143	0.1298
map                   	144	0.1525
map                   	145	0.1761
map                   	146	0.5565
map                   	147	0.4337
map                   	148	0.1570
map                   	149	0.2281
map                   	150	0.0006
map                   	151	0.0460
map                   	152	0.6477
map                   	153	0.1221
map                   	154	0.0919
map                   	155	0.2469
map                   	156	0.5213
map                   	157	0.2814
map                   	158	0.1476
map                   	159	0.6523
map                   	160	0.0445
map                   	161	0.1488
map                   	162	0.1483
map                   	163	0.5145
map                   	164	0.1783
map                   	165	0.1457
map                   	166	0.7679
map                   	167	0.0131
map                   	168	0.0151
map                   	169	0.8188
map                   	170	0.2139
map                   	171	0.5343
map                   	172	0.4918
map                   	173	0.0183
map                   	174	0.6428
map                   	175	0.5629
map                   	176	0.0785
map                   	177	0.3470
map                   	178	0.1912
map                   	179	0.3901
map                   	180	0.4662
map                   	181	0.2099
map                   	182	0.3571
map                   	183	0.6742
map                   	184	0.2096
map                   	185	0.8625
map                   	186	0.1823
map                   	187	0.8390
map                   	188	0.4202
map                   	189	0.0009
map                   	190	0.1839
map                   	191	0.4614
map                   	192	0.2965
map                   	193	0.1792
map                   	194	0.0113
map                   	195	0.2825
map                   	196	0.2981
map                   	197	0.4764
map                   	198	0.0654
map                   	199	0.7050
map                   	200	0.1540
map                   	201	0.5643
map                   	202	0.8407
map                   	203	0.0433
map                   	204	0.7198
map                   	205	0.5308
map                   	206	0.3786
map                   	207	0.4824
map                   	208	0.8235
map                   	209	0.2917
map                   	210	0.4241
map                   	211	0.3801
map                   	212	0.2373
map                   	213	0.8890
map                   	214	0.4401
map                   	215	0.5311
map                   	216	0.1153
map                   	217	0.1420
map                   	218	0.3699
map                   	219	0.1325
map                   	220	0.0580
map                   	221	0.6471
map                   	222	0.4143
map                   	223	0.0842
map                   	224	0.6449
map                   	225	0.1691
map                   	all	0.3013
