map                   	111	0.0262
map                   	112	0.2299
map                   	113	0.2473
map                   	114	0.0931
map                   	115	0.1061
map                   	116	0.2742
map                   	117	0.1730
map                   	118	0.2932
map                   	119	0.3359
map                   	120	0.1674
map                   	121	0.2811
map                   	122	0.0161
map                   	123	0.1463
map                   	124	0.0056
map                   	125	0.1729
map                   	126	0.0975
map                   	127	0.5206
map                   	128	0.1565
map                   	129	0.3962
map                   	130	0.1283
map                   	131	0.4680
map                   	132	0.0401
map                   	133	0.2699
map                   	134	0.0049
map                   	135	0.1779
map                   	136	0.0193
map                   	137	0.0578
map                   	138	0.4274
map                   	139	0.3554
map                   	140	0.1734
map                   	141	0.4182
map                   	142	0.0696
map                   	143	0.1451
map                   	144	0.1360
map                   	145	0.1811
map                   	146	0.5674
map                   	147	0.4911
map                   	148	0.1827
map                   	149	0.2599
map                   	150	0.0005
map                   	151	0.0366
map                   	152	0.7217
map                   	153	0.1320
map                   	154	0.1060
map                   	155	0.2219
map                   	156	0.5448
map                   	157	0.2736
map                   	158	0.1423
map                   	159	0.7362
map                   	160	0.0414
map                   	161	0.1600
map                   	162	0.1353
map                   	163	0.5435
map                   	164	0.1972
map                   	165	0.1450
map                   	166	0.7659
map                   	167	0.0144
map                   	168	0.0135
map                   	169	0.7783
map                   	170	0.2558
map                   	171	0.5458
map                   	172	0.4866
map                   	173	0.0182
map                   	174	0.5743
map                   	175	0.6163
map                   	176	0.0775
map                   	177	0.3113
map                   	178	0.1872
map                   	179	0.4351
map                   	180	0.4488
map                   	181	0.2226
map                   	182	0.4612
map                   	183	0.6481
map                   	184	0.2089
map                   	185	0.8512
map                   	186	0.1625
map                   	187	0.8623
map                   	188	0.4031
map                   	189	0.0007
map                   	190	0.5725
map                   	191	0.4983
map                   	192	0.3657
map                   	193	0.2024
map                   	194	0.0091
map                   	195	0.2867
map                   	196	0.2911
map                   	197	0.4764
map                   	198	0.0578
map                   	199	0.7003
map                   	200	0.1937
map                   	201	0.5460
map                   	202	0.8513
map                   	203	0.0449
map                   	204	0.7321
map                   	205	0.5173
map                   	206	0.3699
map                   	207	0.5072
map                   	208	0.8034
map                   	209	0.2928
map                   	210	0.4046
map                   	211	0.3369
map                   	212	0.2334
map                   	213	0.8868
map                   	214	0.4423
map                   	215	0.6075
map                   	216	0.1408
map                   	217	0.1394
map                   	218	0.3821
map                   	219	0.1313
map                   	220	0.0573
map                   	221	0.6224
map                   	222	0.3988
map                   	223	0.0926
map                   	224	0.5654
map                   	225	0.3146
map                   	all	0.3120
