map                   	111	0.0282
map                   	112	0.2405
map                   	113	0.2556
map                   	114	0.0971
map                   	115	0.1177
map                   	116	0.2794
map                   	117	0.1808
map                   	118	0.2887
map                   	119	0.3351
map                   	120	0.1697
map                   	121	0.2788
map                   	122	0.0191
map                   	123	0.1610
map                   	124	0.0067
map                   	125	0.1705
map                   	126	0.0974
map                   	127	0.5181
map                   	128	0.1576
map                   	129	0.4017
map                   	130	0.1226
map                   	131	0.4708
map                   	132	0.0448
map                   	133	0.2832
map                   	134	0.0040
map                   	135	0.1834
map                   	136	0.0109
map                   	137	0.0526
map                   	138	0.4403
map                   	139	0.3698
map                   	140	0.1725
map                   	141	0.4167
map                   	142	0.0595
map                   	143	0.1287
map                   	144	0.1465
map                   	145	0.1812
map                   	146	0.5743
map                   	147	0.4468
map                   	148	0.1828
map                   	149	0.2545
map                   	150	0.0006
map                   	151	0.0398
map                   	152	0.7162
map                   	153	0.1336
map                   	154	0.0900
map                   	155	0.2461
map                   	156	0.5338
map                   	157	0.2819
map                   	158	0.1515
map                   	159	0.7273
map                   	160	0.0443
map                   	161	0.1695
map                   	162	0.1504
map                   	163	0.5469
map                   	164	0.2022
map                   	165	0.1453
map                   	166	0.7666
map                   	167	0.0161
map                   	168	0.0141
map                   	169	0.8187
map                   	170	0.2429
map                   	171	0.5433
map                   	172	0.4830
map                   	173	0.0196
map                   	174	0.6426
map                   	175	0.6194
map                   	176	0.0823
map                   	177	0.3585
map                   	178	0.1905
map                   	179	0.4400
map                   	180	0.4790
map                   	181	0.1959
map                   	182	0.4671
map                   	183	0.6600
map                   	184	0.2131
map                   	185	0.8543
map                   	186	0.1787
map                   	187	0.8603
map                   	188	0.4144
map                   	189	0.0009
map                   	190	0.5510
map                   	191	0.4952
map                   	192	0.3702
map                   	193	0.1823
map                   	194	0.0108
map                   	195	0.2983
map                   	196	0.2986
map                   	197	0.4733
map                   	198	0.0666
map                   	199	0.7166
map                   	200	0.1966
map                   	201	0.5659
map                   	202	0.8529
map                   	203	0.0493
map                   	204	0.7141
map                   	205	0.5267
map                   	206	0.3758
map                   	207	0.4897
map                   	208	0.8230
map                   	209	0.2963
map                   	210	0.4185
map                   	211	0.3799
map                   	212	0.2465
map                   	213	0.8911
map                   	214	0.4334
map                   	215	0.5958
map                   	216	0.1326
map                   	217	0.1418
map                   	218	0.3921
map                   	219	0.1322
map                   	220	0.0587
map                   	221	0.6555
map                   	222	0.4151
map                   	223	0.0986
map                   	224	0.6397
map                   	225	0.2447
map                   	all	0.3158
