map                   	111	0.0274
map                   	112	0.2301
map                   	113	0.2264
map                   	114	0.0931
map                   	115	0.1101
map                   	116	0.2714
map                   	117	0.1808
map                   	118	0.2737
map                   	119	0.3100
map                   	120	0.1697
map                   	121	0.2643
map                   	122	0.0179
map                   	123	0.1550
map                   	124	0.0062
map                   	125	0.1580
map                   	126	0.0859
map                   	127	0.4938
map                   	128	0.1426
map                   	129	0.3855
map                   	130	0.1158
map                   	131	0.4708
map                   	132	0.0416
map                   	133	0.2714
map                   	134	0.0037
map                   	135	0.1800
map                   	136	0.0104
map                   	137	0.0486
map                   	138	0.4208
map                   	139	0.3561
map                   	140	0.1630
map                   	141	0.3768
map                   	142	0.0565
map                   	143	0.1229
map                   	144	0.1413
map                   	145	0.1771
map                   	146	0.5454
map                   	147	0.3634
map                   	148	0.1758
map                   	149	0.2436
map                   	150	0.0006
map                   	151	0.0348
map                   	152	0.6700
map                   	153	0.1320
map                   	154	0.0715
map                   	155	0.2397
map                   	156	0.5033
map                   	157	0.2708
map                   	158	0.1439
map                   	159	0.6942
map                   	160	0.0436
map                   	161	0.1629
map                   	162	0.1432
map                   	163	0.5275
map                   	164	0.1974
map                   	165	0.1453
map                   	166	0.7666
map                   	167	0.0148
map                   	168	0.0139
map                   	169	0.7612
map                   	170	0.2325
map                   	171	0.4773
map                   	172	0.4516
map                   	173	0.0180
map                   	174	0.5569
map                   	175	0.5642
map                   	176	0.0774
map                   	177	0.3537
map                   	178	0.1822
map                   	179	0.4400
map                   	180	0.4269
map                   	181	0.1828
map                   	182	0.4466
map                   	183	0.6378
map                   	184	0.2122
map                   	185	0.8543
map                   	186	0.1688
map                   	187	0.8398
map                   	188	0.4032
map                   	189	0.0008
map                   	190	0.5099
map                   	191	0.4865
map                   	192	0.3380
map                   	193	0.1724
map                   	194	0.0102
map                   	195	0.2815
map                   	196	0.2962
map                   	197	0.4484
map                   	198	0.0637
map                   	199	0.6973
map                   	200	0.1847
map                   	201	0.5320
map                   	202	0.8529
map                   	203	0.0469
map                   	204	0.6733
map                   	205	0.5078
map                   	206	0.3455
map                   	207	0.4486
map                   	208	0.7690
map                   	209	0.2797
map                   	210	0.4185
map                   	211	0.3324
map                   	212	0.2414
map                   	213	0.8596
map                   	214	0.4222
map                   	215	0.5366
map                   	216	0.1246
map                   	217	0.1375
map                   	218	0.3766
map                   	219	0.1322
map                   	220	0.0546
map                   	221	0.6106
map                   	222	0.4062
map                   	223	0.0923
map                   	224	0.5905
map                   	225	0.2254
map                   	all	0.2996
