map                   	111	0.0447
map                   	112	0.3791
map                   	113	0.2735
map                   	114	0.1562
map                   	115	0.1703
map                   	116	0.2711
map                   	117	0.2434
map                   	118	0.2727
map                   	119	0.3359
map                   	120	0.1958
map                   	121	0.4837
map                   	122	0.0000
map                   	123	0.1477
map                   	124	0.0076
map                   	125	0.2304
map                   	126	0.1385
map                   	127	0.5397
map                   	128	0.1915
map                   	129	0.4292
map                   	130	0.1363
map                   	131	0.4298
map                   	132	0.0334
map                   	133	0.2982
map                   	134	0.0066
map                   	135	0.1333
map                   	136	0.0065
map                   	137	0.0769
map                   	138	0.5701
map                   	139	0.3796
map                   	140	0.1791
map                   	141	0.5701
map                   	142	0.0950
map                   	143	0.1584
map                   	144	0.1884
map                   	145	0.1600
map                   	146	0.5621
map                   	147	0.4806
map                   	148	0.1541
map                   	149	0.2717
map                   	150	0.0007
map                   	151	0.0189
map                   	152	0.6475
map                   	153	0.1201
map                   	154	0.3137
map                   	155	0.2091
map                   	156	0.5083
map                   	157	0.2563
map                   	158	0.1667
map                   	159	0.7999
map                   	160	0.0351
map                   	161	0.1386
map                   	162	0.1061
map                   	163	0.5192
map                   	164	0.2247
map                   	165	0.1527
map                   	166	0.4994
map                   	167	0.0143
map                   	168	0.0119
map                   	169	0.7855
map                   	170	0.2621
map                   	171	0.4688
map                   	172	0.3111
map                   	173	0.1788
map                   	174	0.4865
map                   	175	0.5980
map                   	176	0.0315
map                   	177	0.2676
map                   	178	0.2968
map                   	179	0.3744
map                   	180	0.5464
map                   	181	0.1966
map                   	182	0.4769
map                   	183	0.6977
map                   	184	0.2127
map                   	185	0.9203
map                   	186	0.2273
map                   	187	0.7959
map                   	188	0.4263
map                   	189	0.0005
map                   	190	0.5019
map                   	191	0.4999
map                   	192	0.3316
map                   	193	0.2960
map                   	194	0.0148
map                   	195	0.2821
map                   	196	0.3066
map                   	197	0.4690
map                   	198	0.1175
map                   	199	0.7416
map                   	200	0.2330
map                   	201	0.5716
map                   	202	0.8493
map                   	203	0.0368
map                   	204	0.7904
map                   	205	0.4900
map                   	206	0.4088
map                   	207	0.5307
map                   	208	0.7832
map                   	209	0.3215
map                   	210	0.3317
map                   	211	0.3709
map                   	212	0.2675
map                   	213	0.8951
map                   	214	0.4487
map                   	215	0.6270
map                   	216	0.1951
map                   	217	0.1517
map                   	218	0.4373
map                   	219	0.1477
map                   	220	0.0591
map                   	221	0.6296
map                   	222	0.0089
map                   	223	0.0801
map                   	224	0.5047
map                   	225	0.3378
map                   	all	0.3198
